Microchip MPLAB XC8 Compiler V1.45 ()

Linker command line:

--edf=C:\Program Files (x86)\Microchip\xc8\v1.45\dat\en_msgs.txt -cs \
  -h+dist/default/debug\skel.X.debug.sym \
  --cmf=dist/default/debug\skel.X.debug.cmf -z -Q18F6490 \
  -oC:\Users\jacke\AppData\Local\Temp\s5gs.2 \
  -Mdist/default/debug/skel.X.debug.map -E1 -ver=XC8 -ASTACK=060h-02ffh \
  -pstack=STACK -ACODE=00h-03FFFh -ACONST=00h-03FFFh \
  -ASMALLCONST=0300h-03FFhx61 -AMEDIUMCONST=0300h-03FFFh -ACOMRAM=01h-05Fh \
  -AABS1=00h-02FFh -ABIGRAM=01h-02FFh -ARAM=060h-0FFh,0100h-01FFhx2 \
  -ABANK0=060h-0FFh -ABANK1=0100h-01FFh -ABANK2=0200h-02FFh \
  -ASFR=0F58h-0F5Fh,0F60h-0FFFh \
  -preset_vec=00h,intcode,intcodelo,powerup,init -pramtop=0300h \
  -psmallconst=SMALLCONST -pmediumconst=MEDIUMCONST -pconst=CONST \
  -AFARRAM=00h-00h -ACONFIG=0300000h-030000Dh -pconfig=CONFIG \
  -AIDLOC=0200000h-0200007h -pidloc=IDLOC \
  -prdata=COMRAM,nvrram=COMRAM,nvbit=COMRAM,rbss=COMRAM,rbit=COMRAM \
  -pfarbss=FARRAM,fardata=FARRAM,nvFARRAM=FARRAM \
  -pintsave_regs=BIGRAM,bigbss=BIGRAM,bigdata=BIGRAM -pbss=RAM \
  -pidata=CODE,irdata=CODE,ibigdata=CODE,ifardata=CODE -prparam=COMRAM \
  C:\Users\jacke\AppData\Local\Temp\s5gs.obj \
  dist/default/debug\skel.X.debug.obj 

Object code version is 3.11

Machine type is 18F6490

Call graph: (short form)




                Name                               Link     Load   Length Selector   Space Scale
C:\Users\jacke\AppData\Local\Temp\s5gs.obj
                init                                  0        0        4        0       0
                idloc                            200000   200000        8   200000       0
                config                           300000   300000        A   300000       0
dist/default/debug\skel.X.debug.obj
                smallconst                          300      300       26      180       0
                text15                              702      702       1C      193       0
                text14                              734      734       12      193       0
                text13                              5B8      5B8       5E      193       0
                text12                              326      326       CA      193       0
                text11                              66C      66C       46      193       0
                text10                              4B6      4B6       82      193       0
                text9                               6B2      6B2       32      193       0
                text8                               75E      75E        2      193       0
                text7                               3F0      3F0       C6      193       0
                text6                               746      746       10      193       0
                text5                               6E4      6E4       1E      193       0
                text4                               616      616       56      193       0
                text3                               756      756        4      193       0
                text2                               75C      75C        2      193       0
                text1                               75A      75A        2      193       0
                text0                               538      538       80      193       0
                cstackCOMRAM                         25       25       18        1       1
                bssCOMRAM                             1        1       24        1       1
                cinit                               71E      71E       16      193       0

TOTAL           Name                               Link     Load   Length     Space
        CLASS   STACK          

        CLASS   CODE           
                init                                  0        0        4         0
                text15                              702      702       1C         0
                text14                              734      734       12         0
                text13                              5B8      5B8       5E         0
                text12                              326      326       CA         0
                text11                              66C      66C       46         0
                text10                              4B6      4B6       82         0
                text9                               6B2      6B2       32         0
                text8                               75E      75E        2         0
                text7                               3F0      3F0       C6         0
                text6                               746      746       10         0
                text5                               6E4      6E4       1E         0
                text4                               616      616       56         0
                text3                               756      756        4         0
                text2                               75C      75C        2         0
                text1                               75A      75A        2         0
                text0                               538      538       80         0
                cinit                               71E      71E       16         0

        CLASS   CONST          

        CLASS   SMALLCONST     
                smallconst                          300      300       26         0

        CLASS   MEDIUMCONST    

        CLASS   COMRAM         
                cstackCOMRAM                         25       25       18         1
                bssCOMRAM                             1        1       24         1

        CLASS   ABS1           

        CLASS   BIGRAM         

        CLASS   RAM            

        CLASS   BANK0          

        CLASS   BANK1          

        CLASS   BANK2          

        CLASS   SFR            

        CLASS   FARRAM         

        CLASS   CONFIG         
                config                           300000   300000        A         0

        CLASS   IDLOC          
                idloc                            200000   200000        8         0



SEGMENTS        Name                           Load    Length   Top    Selector   Space  Class

                reset_vec                      000000  000004  000004         0       0  CODE    
                bssCOMRAM                      000001  00003C  00003D         1       1  COMRAM  
                smallconst                     000300  000026  000326       180       0  SMALLCON
                text12                         000326  00043A  000760       193       0  CODE    
                idloc                          200000  000008  200008    200000       0  IDLOC   
                config                         300000  00000A  30000A    300000       0  CONFIG  


UNUSED ADDRESS RANGES

        Name                Unused          Largest block    Delta
        BANK0            000060-0000FF               A0
        BANK1            000100-0001FF              100
        BANK2            000200-0002FF              100
        BIGRAM           00003D-0002FF              2C3
        CODE             000004-0002FF              2FC
                         000760-003FFF             38A0
        COMRAM           00003D-00005F               23
        CONFIG           30000A-30000D                4
        CONST            000004-0002FF              2FC
                         000760-003FFF             38A0
        MEDIUMCONST      000760-003FFF             38A0
        RAM              000060-0002FF              100
        SFR              000F58-000FFF                8
        SMALLCONST       000760-003FFF              100
        STACK            000060-0002FF              2A0

                                  Symbol Table

FMinit@ad                cstackCOMRAM 000038
FMinit@dat               cstackCOMRAM 000036
FMread@data              cstackCOMRAM 000027
FMread@firstByt          cstackCOMRAM 00002E
FMread@regAddr           cstackCOMRAM 00002D
FMread@secndByt          cstackCOMRAM 00002F
FMready@rdy              cstackCOMRAM 000030
FMready@sts              cstackCOMRAM 000034
FMvers@vsn               cstackCOMRAM 000030
FMwrite@adr              cstackCOMRAM 00002B
FMwrite@firstByt         cstackCOMRAM 000029
FMwrite@secndByt         cstackCOMRAM 00002A
OpenI2C@slew             cstackCOMRAM 000025
OpenI2C@sync_mode        cstackCOMRAM 000026
WriteI2C@data_out        cstackCOMRAM 000026
_ADCON1                  (abs)        000FC1
_FMinit                  text7        0003F0
_FMread                  text12       000326
_FMready                 text11       00066C
_FMvers                  text6        000746
_FMwrite                 text10       0004B6
_INTCONbits              (abs)        000FF2
_IdleI2C                 text14       000734
_Init                    text4        000616
_LCDCON                  (abs)        000F59
_LCDDATA0                (abs)        000F60
_LCDPS                   (abs)        000F58
_LCDSE0                  (abs)        000F5A
_LCDSE1                  (abs)        000F5B
_LCDSE2                  (abs)        000F5C
_LCDSE3                  (abs)        000F5D
_OSCCON                  (abs)        000FD3
_OpenI2C                 text5        0006E4
_PIR1bits                (abs)        000F9E
_PORTA                   (abs)        000F80
_PORTB                   (abs)        000F81
_PORTC                   (abs)        000F82
_ReadI2C                 text15       000702
_SSPADD                  (abs)        000FC8
_SSPBUF                  (abs)        000FC9
_SSPCON1                 (abs)        000FC6
_SSPCON1bits             (abs)        000FC6
_SSPCON2                 (abs)        000FC5
_SSPCON2bits             (abs)        000FC5
_SSPSTAT                 (abs)        000FC7
_SSPSTATbits             (abs)        000FC7
_T0CON                   (abs)        000FD5
_T0CONbits               (abs)        000FD5
_TMR0H                   (abs)        000FD7
_TMR0L                   (abs)        000FD6
_TRISA                   (abs)        000F92
_TRISB                   (abs)        000F93
_TRISC                   (abs)        000F94
_TRISCbits               (abs)        000F94
_TRISG                   (abs)        000F98
_WriteI2C                text13       0005B8
__CFG_BOREN$OFF          (abs)        000000
__CFG_BORV$3             (abs)        000000
__CFG_CP$OFF             (abs)        000000
__CFG_FCMEN$OFF          (abs)        000000
__CFG_IESO$OFF           (abs)        000000
__CFG_MCLRE$ON           (abs)        000000
__CFG_OSC$INTIO7         (abs)        000000
__CFG_PWRT$OFF           (abs)        000000
__CFG_STVREN$OFF         (abs)        000000
__CFG_WDT$OFF            (abs)        000000
__CFG_XINST$OFF          (abs)        000000
__HRAM                   (abs)        000000
__Habs1                  abs1         000000
__Hbank0                 bank0        000000
__Hbank1                 bank1        000000
__Hbank2                 bank2        000000
__Hbigbss                bigbss       000000
__Hbigdata               bigdata      000000
__Hbigram                bigram       000000
__Hbss                   bss          000000
__HbssCOMRAM             bssCOMRAM    000000
__Hcinit                 cinit        000000
__Hclrtext               clrtext      000000
__Hcomram                comram       000000
__Hconfig                config       30000A
__Hconst                 const        000000
__HcstackCOMRAM          cstackCOMRAM 000000
__Hdata                  data         000000
__Hfarbss                farbss       000000
__Hfardata               fardata      000000
__Hibigdata              ibigdata     000000
__Hidata                 idata        000000
__Hidloc                 idloc        200008
__Hifardata              ifardata     000000
__Hinit                  init         000004
__Hintcode               intcode      000000
__Hintcode_body          intcode_body 000000
__Hintcodelo             intcodelo    000000
__Hintentry              intentry     000000
__Hintret                intret       000000
__Hintsave_regs          intsave_regs 000000
__Hirdata                irdata       000000
__Hmediumconst           mediumconst  000000
__HnvFARRAM              nvFARRAM     000000
__Hnvbit                 nvbit        000000
__Hnvrram                nvrram       000000
__Hparam                 rparam       000000
__Hpowerup               powerup      000000
__Hram                   ram          000000
__Hramtop                ramtop       000300
__Hrbit                  rbit         000000
__Hrbss                  rbss         000000
__Hrdata                 rdata        000000
__Hreset_vec             reset_vec    000000
__Hrparam                rparam       000000
__Hsfr                   sfr          000000
__Hsmallconst            smallconst   000326
__Hspace_0               (abs)        30000A
__Hspace_1               (abs)        00003D
__Hspace_2               (abs)        000000
__Hstack                 stack        000000
__Hstruct                struct       000000
__Htemp                  temp         000000
__Htext                  text         000000
__Htext0                 text0        000000
__Htext1                 text1        000000
__Htext10                text10       000000
__Htext11                text11       000000
__Htext12                text12       000000
__Htext13                text13       000000
__Htext14                text14       000000
__Htext15                text15       000000
__Htext2                 text2        000000
__Htext3                 text3        000000
__Htext4                 text4        000000
__Htext5                 text5        000000
__Htext6                 text6        000000
__Htext7                 text7        000000
__Htext8                 text8        000000
__Htext9                 text9        000000
__LRAM                   (abs)        000001
__Labs1                  abs1         000000
__Lbank0                 bank0        000000
__Lbank1                 bank1        000000
__Lbank2                 bank2        000000
__Lbigbss                bigbss       000000
__Lbigdata               bigdata      000000
__Lbigram                bigram       000000
__Lbss                   bss          000000
__LbssCOMRAM             bssCOMRAM    000000
__Lcinit                 cinit        000000
__Lclrtext               clrtext      000000
__Lcomram                comram       000000
__Lconfig                config       300000
__Lconst                 const        000000
__LcstackCOMRAM          cstackCOMRAM 000000
__Ldata                  data         000000
__Lfarbss                farbss       000000
__Lfardata               fardata      000000
__Libigdata              ibigdata     000000
__Lidata                 idata        000000
__Lidloc                 idloc        200000
__Lifardata              ifardata     000000
__Linit                  init         000000
__Lintcode               intcode      000000
__Lintcode_body          intcode_body 000000
__Lintcodelo             intcodelo    000000
__Lintentry              intentry     000000
__Lintret                intret       000000
__Lintsave_regs          intsave_regs 000000
__Lirdata                irdata       000000
__Lmediumconst           mediumconst  000000
__LnvFARRAM              nvFARRAM     000000
__Lnvbit                 nvbit        000000
__Lnvrram                nvrram       000000
__Lparam                 rparam       000000
__Lpowerup               powerup      000000
__Lram                   ram          000000
__Lramtop                ramtop       000300
__Lrbit                  rbit         000000
__Lrbss                  rbss         000000
__Lrdata                 rdata        000000
__Lreset_vec             reset_vec    000000
__Lrparam                rparam       000000
__Lsfr                   sfr          000000
__Lsmallconst            smallconst   000300
__Lspace_0               (abs)        000000
__Lspace_1               (abs)        000000
__Lspace_2               (abs)        000000
__Lstack                 stack        000000
__Lstruct                struct       000000
__Ltemp                  temp         000000
__Ltext                  text         000000
__Ltext0                 text0        000000
__Ltext1                 text1        000000
__Ltext10                text10       000000
__Ltext11                text11       000000
__Ltext12                text12       000000
__Ltext13                text13       000000
__Ltext14                text14       000000
__Ltext15                text15       000000
__Ltext2                 text2        000000
__Ltext3                 text3        000000
__Ltext4                 text4        000000
__Ltext5                 text5        000000
__Ltext6                 text6        000000
__Ltext7                 text7        000000
__Ltext8                 text8        000000
__Ltext9                 text9        000000
__S0                     (abs)        30000A
__S1                     (abs)        00003D
__S2                     (abs)        000000
___extmem_base           (abs)        002000
___inthi_sp              stack        000000
___intlo_sp              stack        000000
___param_bank            (abs)        000000
___rparam_used           (abs)        000001
___sp                    stack        000000
__accesstop              (abs)        000060
__activetblptr           (abs)        000002
__end_of_FMinit          text7        0004B6
__end_of_FMread          text12       0003F0
__end_of_FMready         text11       0006B2
__end_of_FMvers          text6        000756
__end_of_FMwrite         text10       000538
__end_of_IdleI2C         text14       000746
__end_of_Init            text4        00066C
__end_of_OpenI2C         text5        000702
__end_of_ReadI2C         text15       00071E
__end_of_WriteI2C        text13       000616
__end_of__initialization cinit        00072A
__end_of_butnEvent       text3        00075A
__end_of_dly             text9        0006E4
__end_of_errfm           text2        00075E
__end_of_main            text0        0005B8
__end_of_nextChan        text1        00075C
__end_of_regDflt         smallconst   000325
__end_of_showFreq        text8        000760
__initialization         cinit        00071E
__mediumconst            mediumconst  000000
__pbssCOMRAM             bssCOMRAM    000001
__pcinit                 cinit        00071E
__pcstackCOMRAM          cstackCOMRAM 000025
__psmallconst            smallconst   000300
__ptext0                 text0        000538
__ptext1                 text1        00075A
__ptext10                text10       0004B6
__ptext11                text11       00066C
__ptext12                text12       000326
__ptext13                text13       0005B8
__ptext14                text14       000734
__ptext15                text15       000702
__ptext2                 text2        00075C
__ptext3                 text3        000756
__ptext4                 text4        000616
__ptext5                 text5        0006E4
__ptext6                 text6        000746
__ptext7                 text7        0003F0
__ptext8                 text8        00075E
__ptext9                 text9        0006B2
__ramtop                 ramtop       000300
__size_of_FMinit         (abs)        000000
__size_of_FMread         (abs)        000000
__size_of_FMready        (abs)        000000
__size_of_FMvers         (abs)        000000
__size_of_FMwrite        (abs)        000000
__size_of_IdleI2C        (abs)        000000
__size_of_Init           (abs)        000000
__size_of_OpenI2C        (abs)        000000
__size_of_ReadI2C        (abs)        000000
__size_of_WriteI2C       (abs)        000000
__size_of_butnEvent      (abs)        000000
__size_of_dly            (abs)        000000
__size_of_errfm          (abs)        000000
__size_of_main           (abs)        000000
__size_of_nextChan       (abs)        000000
__size_of_showFreq       (abs)        000000
__smallconst             smallconst   000300
_butnEvent               text3        000756
_dly                     text9        0006B2
_errfm                   text2        00075C
_main                    text0        000538
_nextChan                text1        00075A
_regDflt                 smallconst   000301
_regImg                  bssCOMRAM    000001
_showFreq                text8        00075E
butnEvent@butn           cstackCOMRAM 000025
dly@d                    cstackCOMRAM 000025
dly@i                    cstackCOMRAM 000027
end_of_initialization    cinit        00072A
intlevel0                text         000000
intlevel1                text         000000
intlevel2                text         000000
intlevel3                text         000000
main@btn                 cstackCOMRAM 00003A
main@evt                 cstackCOMRAM 000039
main@ui                  cstackCOMRAM 00003B
stackhi                  (abs)        0002FF
stacklo                  (abs)        000060
start                    init         000000
start_initialization     cinit        00071E


FUNCTION INFORMATION:

 *************** function _main *****************
 Defined at:
		line 464 in file "main.c"
 Parameters:    Size  Location     Type
		None
 Auto vars:     Size  Location     Type
  ui              2   22[COMRAM] unsigned int 
  btn             1   21[COMRAM] unsigned char 
  evt             1   20[COMRAM] unsigned char 
 Return value:  Size  Location     Type
                  1    wreg      void 
 Registers used:
		wreg, fsr2l, fsr2h, status,2, status,0, tblptrl, tblptrh, tblptru, prodl, prodh, cstack
 Tracked objects:
		On entry : 
		On exit  : 
		Unchanged: 
 Data sizes:     COMRAM   BANK0   BANK1   BANK2
      Params:         0       0       0       0
      Locals:         4       0       0       0
      Temps:          0       0       0       0
      Totals:         4       0       0       0
Total ram usage:        4 bytes
 Hardware stack levels required when called:    5
 This function calls:
		_FMinit
		_FMvers
		_Init
		_butnEvent
		_dly
		_errfm
		_nextChan
 This function is called by:
		Startup code after reset
 This function uses a non-reentrant model


 *************** function _nextChan *****************
 Defined at:
		line 420 in file "main.c"
 Parameters:    Size  Location     Type
  up              1    wreg     unsigned char 
 Auto vars:     Size  Location     Type
  up              1    0[COMRAM] unsigned char 
 Return value:  Size  Location     Type
                  1    wreg      unsigned char 
 Registers used:
		wreg
 Tracked objects:
		On entry : 
		On exit  : 
		Unchanged: 
 Data sizes:     COMRAM   BANK0   BANK1   BANK2
      Params:         0       0       0       0
      Locals:         0       0       0       0
      Temps:          0       0       0       0
      Totals:         0       0       0       0
Total ram usage:        0 bytes
 Hardware stack levels used:    1
 This function calls:
		Nothing
 This function is called by:
		_main
 This function uses a non-reentrant model


 *************** function _errfm *****************
 Defined at:
		line 438 in file "main.c"
 Parameters:    Size  Location     Type
		None
 Auto vars:     Size  Location     Type
		None
 Return value:  Size  Location     Type
                  1    wreg      void 
 Registers used:
		None
 Tracked objects:
		On entry : 
		On exit  : 
		Unchanged: 
 Data sizes:     COMRAM   BANK0   BANK1   BANK2
      Params:         0       0       0       0
      Locals:         0       0       0       0
      Temps:          0       0       0       0
      Totals:         0       0       0       0
Total ram usage:        0 bytes
 Hardware stack levels used:    1
 This function calls:
		Nothing
 This function is called by:
		_main
 This function uses a non-reentrant model


 *************** function _butnEvent *****************
 Defined at:
		line 85 in file "main.c"
 Parameters:    Size  Location     Type
  butn            2    0[COMRAM] PTR unsigned char 
		 -> main@btn(1), 
 Auto vars:     Size  Location     Type
		None
 Return value:  Size  Location     Type
                  1    wreg      unsigned char 
 Registers used:
		wreg
 Tracked objects:
		On entry : 
		On exit  : 
		Unchanged: 
 Data sizes:     COMRAM   BANK0   BANK1   BANK2
      Params:         2       0       0       0
      Locals:         0       0       0       0
      Temps:          0       0       0       0
      Totals:         2       0       0       0
Total ram usage:        2 bytes
 Hardware stack levels used:    1
 This function calls:
		Nothing
 This function is called by:
		_main
 This function uses a non-reentrant model


 *************** function _Init *****************
 Defined at:
		line 125 in file "main.c"
 Parameters:    Size  Location     Type
		None
 Auto vars:     Size  Location     Type
  i               2    0        int 
 Return value:  Size  Location     Type
                  1    wreg      void 
 Registers used:
		wreg, status,2, status,0, cstack
 Tracked objects:
		On entry : 
		On exit  : 
		Unchanged: 
 Data sizes:     COMRAM   BANK0   BANK1   BANK2
      Params:         0       0       0       0
      Locals:         0       0       0       0
      Temps:          0       0       0       0
      Totals:         0       0       0       0
Total ram usage:        0 bytes
 Hardware stack levels used:    1
 Hardware stack levels required when called:    1
 This function calls:
		_OpenI2C
 This function is called by:
		_main
 This function uses a non-reentrant model


 *************** function _OpenI2C *****************
 Defined at:
		line 14 in file "C:\Program Files (x86)\Microchip\xc8\v1.45\sources\pic18\plib\i2c\i2c_open.c"
 Parameters:    Size  Location     Type
  sync_mode       1    wreg     unsigned char 
  slew            1    0[COMRAM] unsigned char 
 Auto vars:     Size  Location     Type
  sync_mode       1    1[COMRAM] unsigned char 
 Return value:  Size  Location     Type
                  1    wreg      void 
 Registers used:
		wreg, status,2, status,0
 Tracked objects:
		On entry : 
		On exit  : 
		Unchanged: 
 Data sizes:     COMRAM   BANK0   BANK1   BANK2
      Params:         1       0       0       0
      Locals:         1       0       0       0
      Temps:          0       0       0       0
      Totals:         2       0       0       0
Total ram usage:        2 bytes
 Hardware stack levels used:    1
 This function calls:
		Nothing
 This function is called by:
		_Init
 This function uses a non-reentrant model


 *************** function _FMvers *****************
 Defined at:
		line 383 in file "main.c"
 Parameters:    Size  Location     Type
  vsn             2   11[COMRAM] PTR unsigned int 
		 -> main@ui(2), 
 Auto vars:     Size  Location     Type
		None
 Return value:  Size  Location     Type
                  1    wreg      unsigned char 
 Registers used:
		wreg, fsr2l, fsr2h, status,2, status,0, cstack
 Tracked objects:
		On entry : 
		On exit  : 
		Unchanged: 
 Data sizes:     COMRAM   BANK0   BANK1   BANK2
      Params:         2       0       0       0
      Locals:         0       0       0       0
      Temps:          0       0       0       0
      Totals:         2       0       0       0
Total ram usage:        2 bytes
 Hardware stack levels used:    1
 Hardware stack levels required when called:    3
 This function calls:
		_FMread
 This function is called by:
		_main
 This function uses a non-reentrant model


 *************** function _FMinit *****************
 Defined at:
		line 312 in file "main.c"
 Parameters:    Size  Location     Type
		None
 Auto vars:     Size  Location     Type
  dat             2   17[COMRAM] unsigned int 
  ad              1   19[COMRAM] unsigned char 
 Return value:  Size  Location     Type
                  1    wreg      unsigned char 
 Registers used:
		wreg, fsr2l, fsr2h, status,2, status,0, tblptrl, tblptrh, tblptru, prodl, prodh, cstack
 Tracked objects:
		On entry : 
		On exit  : 
		Unchanged: 
 Data sizes:     COMRAM   BANK0   BANK1   BANK2
      Params:         0       0       0       0
      Locals:         3       0       0       0
      Temps:          0       0       0       0
      Totals:         3       0       0       0
Total ram usage:        3 bytes
 Hardware stack levels used:    1
 Hardware stack levels required when called:    4
 This function calls:
		_FMready
		_FMwrite
		_dly
		_showFreq
 This function is called by:
		_main
 This function uses a non-reentrant model


 *************** function _showFreq *****************
 Defined at:
		line 454 in file "main.c"
 Parameters:    Size  Location     Type
		None
 Auto vars:     Size  Location     Type
		None
 Return value:  Size  Location     Type
                  1    wreg      unsigned char 
 Registers used:
		None
 Tracked objects:
		On entry : 
		On exit  : 
		Unchanged: 
 Data sizes:     COMRAM   BANK0   BANK1   BANK2
      Params:         0       0       0       0
      Locals:         0       0       0       0
      Temps:          0       0       0       0
      Totals:         0       0       0       0
Total ram usage:        0 bytes
 Hardware stack levels used:    1
 This function calls:
		Nothing
 This function is called by:
		_FMinit
 This function uses a non-reentrant model


 *************** function _dly *****************
 Defined at:
		line 94 in file "main.c"
 Parameters:    Size  Location     Type
  d               2    0[COMRAM] int 
 Auto vars:     Size  Location     Type
  i               2    2[COMRAM] int 
 Return value:  Size  Location     Type
                  1    wreg      void 
 Registers used:
		wreg, status,2, status,0
 Tracked objects:
		On entry : 
		On exit  : 
		Unchanged: 
 Data sizes:     COMRAM   BANK0   BANK1   BANK2
      Params:         2       0       0       0
      Locals:         2       0       0       0
      Temps:          0       0       0       0
      Totals:         4       0       0       0
Total ram usage:        4 bytes
 Hardware stack levels used:    1
 This function calls:
		Nothing
 This function is called by:
		_FMinit
		_main
		_FMfrequenc
 This function uses a non-reentrant model


 *************** function _FMwrite *****************
 Defined at:
		line 197 in file "main.c"
 Parameters:    Size  Location     Type
  adr             1    wreg     unsigned char 
 Auto vars:     Size  Location     Type
  adr             1    6[COMRAM] unsigned char 
  regstr          2    0        unsigned int 
  secndByt        1    5[COMRAM] unsigned char 
  firstByt        1    4[COMRAM] unsigned char 
  rpy             1    0        unsigned char 
 Return value:  Size  Location     Type
                  1    wreg      unsigned char 
 Registers used:
		wreg, fsr2l, fsr2h, status,2, status,0, prodl, prodh, cstack
 Tracked objects:
		On entry : 
		On exit  : 
		Unchanged: 
 Data sizes:     COMRAM   BANK0   BANK1   BANK2
      Params:         0       0       0       0
      Locals:         3       0       0       0
      Temps:          2       0       0       0
      Totals:         5       0       0       0
Total ram usage:        5 bytes
 Hardware stack levels used:    1
 Hardware stack levels required when called:    2
 This function calls:
		_IdleI2C
		_WriteI2C
 This function is called by:
		_FMinit
		_FMfrequenc
 This function uses a non-reentrant model


 *************** function _FMready *****************
 Defined at:
		line 291 in file "main.c"
 Parameters:    Size  Location     Type
  rdy             2   11[COMRAM] PTR unsigned int 
		 -> FMfrequenc@dat(2), FMinit@dat(2), 
 Auto vars:     Size  Location     Type
  sts             2   15[COMRAM] unsigned int 
 Return value:  Size  Location     Type
                  1    wreg      unsigned char 
 Registers used:
		wreg, fsr2l, fsr2h, status,2, status,0, cstack
 Tracked objects:
		On entry : 
		On exit  : 
		Unchanged: 
 Data sizes:     COMRAM   BANK0   BANK1   BANK2
      Params:         2       0       0       0
      Locals:         2       0       0       0
      Temps:          2       0       0       0
      Totals:         6       0       0       0
Total ram usage:        6 bytes
 Hardware stack levels used:    1
 Hardware stack levels required when called:    3
 This function calls:
		_FMread
 This function is called by:
		_FMinit
		_FMfrequenc
 This function uses a non-reentrant model


 *************** function _FMread *****************
 Defined at:
		line 241 in file "main.c"
 Parameters:    Size  Location     Type
  regAddr         1    wreg     unsigned char 
  data            2    2[COMRAM] PTR unsigned int 
		 -> main@ui(2), FMready@sts(2), 
 Auto vars:     Size  Location     Type
  regAddr         1    8[COMRAM] unsigned char 
  secndByt        1   10[COMRAM] unsigned char 
  firstByt        1    9[COMRAM] unsigned char 
 Return value:  Size  Location     Type
                  1    wreg      unsigned char 
 Registers used:
		wreg, fsr2l, fsr2h, status,2, status,0, cstack
 Tracked objects:
		On entry : 
		On exit  : 
		Unchanged: 
 Data sizes:     COMRAM   BANK0   BANK1   BANK2
      Params:         2       0       0       0
      Locals:         3       0       0       0
      Temps:          4       0       0       0
      Totals:         9       0       0       0
Total ram usage:        9 bytes
 Hardware stack levels used:    1
 Hardware stack levels required when called:    2
 This function calls:
		_IdleI2C
		_ReadI2C
		_WriteI2C
 This function is called by:
		_FMready
		_FMvers
		_FMid
 This function uses a non-reentrant model


 *************** function _WriteI2C *****************
 Defined at:
		line 12 in file "C:\Program Files (x86)\Microchip\xc8\v1.45\sources\pic18\plib\i2c\i2c_writ.c"
 Parameters:    Size  Location     Type
  data_out        1    wreg     unsigned char 
 Auto vars:     Size  Location     Type
  data_out        1    1[COMRAM] unsigned char 
 Return value:  Size  Location     Type
                  1    wreg      char 
 Registers used:
		wreg, status,2, status,0, cstack
 Tracked objects:
		On entry : 
		On exit  : 
		Unchanged: 
 Data sizes:     COMRAM   BANK0   BANK1   BANK2
      Params:         0       0       0       0
      Locals:         1       0       0       0
      Temps:          0       0       0       0
      Totals:         1       0       0       0
Total ram usage:        1 bytes
 Hardware stack levels used:    1
 Hardware stack levels required when called:    1
 This function calls:
		_IdleI2C
 This function is called by:
		_FMwrite
		_FMread
 This function uses a non-reentrant model


 *************** function _IdleI2C *****************
 Defined at:
		line 24 in file "C:\Program Files (x86)\Microchip\xc8\v1.45\sources\pic18\plib\i2c\i2c_idle.c"
 Parameters:    Size  Location     Type
		None
 Auto vars:     Size  Location     Type
		None
 Return value:  Size  Location     Type
                  1    wreg      void 
 Registers used:
		wreg, status,2, status,0
 Tracked objects:
		On entry : 
		On exit  : 
		Unchanged: 
 Data sizes:     COMRAM   BANK0   BANK1   BANK2
      Params:         0       0       0       0
      Locals:         0       0       0       0
      Temps:          1       0       0       0
      Totals:         1       0       0       0
Total ram usage:        1 bytes
 Hardware stack levels used:    1
 This function calls:
		Nothing
 This function is called by:
		_FMwrite
		_FMread
		_WriteI2C
 This function uses a non-reentrant model


 *************** function _ReadI2C *****************
 Defined at:
		line 11 in file "C:\Program Files (x86)\Microchip\xc8\v1.45\sources\pic18\plib\i2c\i2c_read.c"
 Parameters:    Size  Location     Type
		None
 Auto vars:     Size  Location     Type
		None
 Return value:  Size  Location     Type
                  1    wreg      unsigned char 
 Registers used:
		wreg, status,2, status,0
 Tracked objects:
		On entry : 
		On exit  : 
		Unchanged: 
 Data sizes:     COMRAM   BANK0   BANK1   BANK2
      Params:         0       0       0       0
      Locals:         0       0       0       0
      Temps:          0       0       0       0
      Totals:         0       0       0       0
Total ram usage:        0 bytes
 Hardware stack levels used:    1
 This function calls:
		Nothing
 This function is called by:
		_FMread
 This function uses a non-reentrant model



MODULE INFORMATION

Module		Function		Class		Link	Load	Size
C:\Program Files (x86)\Microchip\xc8\v1.45\sources\pic18\plib\i2c\i2c_open.c
		_OpenI2C       		CODE           	06E4	0000	31

C:\Program Files (x86)\Microchip\xc8\v1.45\sources\pic18\plib\i2c\i2c_open.c estimated size: 31

shared
		_regDflt       		SMALLCONST     	0301	0000	37
		__initialization		CODE           	071E	0000	13

shared estimated size: 50

C:\Program Files (x86)\Microchip\xc8\v1.45\sources\pic18\plib\i2c\i2c_writ.c
		_WriteI2C      		CODE           	05B8	0000	95

C:\Program Files (x86)\Microchip\xc8\v1.45\sources\pic18\plib\i2c\i2c_writ.c estimated size: 95

C:\Program Files (x86)\Microchip\xc8\v1.45\sources\pic18\plib\i2c\i2c_read.c
		_ReadI2C       		CODE           	0702	0000	29

C:\Program Files (x86)\Microchip\xc8\v1.45\sources\pic18\plib\i2c\i2c_read.c estimated size: 29

main.c
		_errfm         		CODE           	075C	0000	3
		_butnEvent     		CODE           	0756	0000	5
		_FMread        		CODE           	0326	0000	203
		_showFreq      		CODE           	075E	0000	3
		_main          		CODE           	0538	0000	129
		_FMready       		CODE           	066C	0000	71
		_FMvers        		CODE           	0746	0000	17
		_FMinit        		CODE           	03F0	0000	199
		_nextChan      		CODE           	075A	0000	3
		_dly           		CODE           	06B2	0000	51
		_Init          		CODE           	0616	0000	87
		_FMwrite       		CODE           	04B6	0000	131

main.c estimated size: 902

C:\Program Files (x86)\Microchip\xc8\v1.45\sources\pic18\plib\i2c\i2c_idle.c
		_IdleI2C       		CODE           	0734	0000	19

C:\Program Files (x86)\Microchip\xc8\v1.45\sources\pic18\plib\i2c\i2c_idle.c estimated size: 19

