Microchip MPLAB XC8 Compiler V1.20 ()

Linker command line:

--edf=/Applications/s/microchip/xc8/v1.20/dat/en_msgs.txt -cs \
  -h+dist/default/production/skel.X.production.sym \
  --cmf=dist/default/production/skel.X.production.cmf -z -Q18F6490 \
  -o/tmp/cgtU1cclU -Mdist/default/production/skel.X.production.map -E1 \
  -ver=XC8 -ACODE=00h-03FFFh -ACONST=00h-03FFFh -ASMALLCONST=0300h-03FFhx61 \
  -AMEDIUMCONST=0300h-03FFFh -ACOMRAM=01h-05Fh -AABS1=00h-02FFh \
  -ABIGRAM=01h-02FFh -ARAM=060h-0FFh,0100h-01FFhx2 -ABANK0=060h-0FFh \
  -ABANK1=0100h-01FFh -ABANK2=0200h-02FFh -ASFR=0F58h-0F5Fh,0F60h-0FFFh \
  -preset_vec=00h,intcode,intcodelo,powerup,init,end_init -pramtop=0300h \
  -psmallconst=SMALLCONST -pmediumconst=MEDIUMCONST -pconst=CONST \
  -AFARRAM=00h-00h -ACONFIG=0300000h-030000Dh -pconfig=CONFIG \
  -AIDLOC=0200000h-0200007h -pidloc=IDLOC \
  -prdata=COMRAM,nvrram=COMRAM,nvbit=COMRAM,rbss=COMRAM,rbit=COMRAM \
  -pfarbss=FARRAM,fardata=FARRAM,nvFARRAM=FARRAM \
  -pintsave_regs=BIGRAM,bigbss=BIGRAM,bigdata=BIGRAM -pbss=RAM \
  -pidata=CODE,irdata=CODE,ibigdata=CODE,ifardata=CODE /tmp/cgtwDJSRV.obj \
  dist/default/production/skel.X.production.obj 

Object code version is 3.11

Machine type is 18F6490

Call graph: (short form)




                Name                               Link     Load   Length Selector   Space Scale
/tmp/cgtwDJSRV.obj
                end_init                              0        0        4        0       0
                idloc                            200000   200000        8   200000       0
                config                           300000   300000        A   300000       0
dist/default/production/skel.X.production.obj
                smallconst                          300      300       26      180       0
                text15                              790      790        4      193       0
                text14                              73C      73C       1C      193       0
                text13                              564      564       76      193       0
                text12                              6EE      6EE       32      193       0
                text11                              784      784        C      193       0
                text10                              64C      64C       56      193       0
                text9                               4D8      4D8       8C      193       0
                text8                               720      720       1C      193       0
                text7                               326      326       DA      193       0
                text6                               6A2      6A2       4C      193       0
                text5                               798      798        2      193       0
                text4                               400      400       D8      193       0
                text3                               76E      76E       16      193       0
                text2                               796      796        2      193       0
                text1                               794      794        2      193       0
                text0                               5DA      5DA       72      193       0
                cstackCOMRAM                         25       25       1C        1       1
                bssCOMRAM                             1        1       24        1       1
                cinit                               758      758       16      193       0

TOTAL           Name                               Link     Load   Length     Space
        CLASS   CODE           
                end_init                              0        0        4         0
                text15                              790      790        4         0
                text14                              73C      73C       1C         0
                text13                              564      564       76         0
                text12                              6EE      6EE       32         0
                text11                              784      784        C         0
                text10                              64C      64C       56         0
                text9                               4D8      4D8       8C         0
                text8                               720      720       1C         0
                text7                               326      326       DA         0
                text6                               6A2      6A2       4C         0
                text5                               798      798        2         0
                text4                               400      400       D8         0
                text3                               76E      76E       16         0
                text2                               796      796        2         0
                text1                               794      794        2         0
                text0                               5DA      5DA       72         0
                cinit                               758      758       16         0

        CLASS   CONST          

        CLASS   SMALLCONST     
                smallconst                          300      300       26         0

        CLASS   MEDIUMCONST    

        CLASS   COMRAM         
                cstackCOMRAM                         25       25       1C         1
                bssCOMRAM                             1        1       24         1

        CLASS   ABS1           

        CLASS   BIGRAM         

        CLASS   RAM            

        CLASS   BANK0          

        CLASS   BANK1          

        CLASS   BANK2          

        CLASS   SFR            

        CLASS   FARRAM         

        CLASS   CONFIG         
                config                           300000   300000        A         0

        CLASS   IDLOC          
                idloc                            200000   200000        8         0



SEGMENTS        Name                           Load    Length   Top    Selector   Space  Class

                reset_vec                      000000  000004  000004         0       0  CODE    
                bssCOMRAM                      000001  000040  000041         1       1  COMRAM  
                smallconst                     000300  000026  000326       180       0  SMALLCON
                text7                          000326  000474  00079A       193       0  CODE    
                idloc                          200000  000008  200008    200000       0  IDLOC   
                config                         300000  00000A  30000A    300000       0  CONFIG  


UNUSED ADDRESS RANGES

        Name                Unused          Largest block    Delta
        BANK0            000060-0000FF               A0
        BANK1            000100-0001FF              100
        BANK2            000200-0002FF              100
        BIGRAM           000041-0002FF              2BF
        CODE             000004-0002FF              2FC
                         00079A-003FFF             3866
        COMRAM           000041-00005F               1F
        CONFIG           30000A-30000D                4
        CONST            000004-0002FF              2FC
                         00079A-003FFF             3866
        MEDIUMCONST      00079A-003FFF             3866
        RAM              000060-0002FF              100
        SFR              000F58-000FFF                8
        SMALLCONST       00079A-003FFF              100

                                  Symbol Table

?_FMread                 cstackCOMRAM 000026
?_FMready                cstackCOMRAM 000031
?_FMvers                 cstackCOMRAM 000031
?_FMwrite                cstackCOMRAM 000026
?_OpenI2C                cstackCOMRAM 000025
?_WriteI2C               cstackCOMRAM 000025
?_butnEvent              cstackCOMRAM 000025
?_dly                    cstackCOMRAM 000025
?_nextChan               cstackCOMRAM 000025
FMinit@ad                cstackCOMRAM 00003B
FMinit@dat               cstackCOMRAM 000039
FMread@data              cstackCOMRAM 000027
FMread@firstByt          cstackCOMRAM 00002F
FMread@regAddr           cstackCOMRAM 000026
FMread@secndByt          cstackCOMRAM 000030
FMready@rdy              cstackCOMRAM 000031
FMready@sts              cstackCOMRAM 000035
FMvers@vsn               cstackCOMRAM 000031
FMwrite@adr              cstackCOMRAM 000026
FMwrite@firstByt         cstackCOMRAM 000029
FMwrite@secndByt         cstackCOMRAM 00002A
OpenI2C@slew             cstackCOMRAM 000026
OpenI2C@sync_mode        cstackCOMRAM 000025
WriteI2C@data_out        cstackCOMRAM 000025
_ADCON1                  (abs)        000FC1
_FMinit                  text4        000400
_FMread                  text7        000326
_FMready                 text6        0006A2
_FMvers                  text3        00076E
_FMwrite                 text9        0004D8
_INTCONbits              (abs)        000FF2
_IdleI2C                 text11       000784
_Init                    text13       000564
_LCDCON                  (abs)        000F59
_LCDDATA0                (abs)        000F60
_LCDPS                   (abs)        000F58
_LCDSE0                  (abs)        000F5A
_LCDSE1                  (abs)        000F5B
_LCDSE2                  (abs)        000F5C
_LCDSE3                  (abs)        000F5D
_OSCCON                  (abs)        000FD3
_OpenI2C                 text14       00073C
_PIR1bits                (abs)        000F9E
_PORTA                   (abs)        000F80
_PORTB                   (abs)        000F81
_PORTC                   (abs)        000F82
_ReadI2C                 text8        000720
_SSPADD                  (abs)        000FC8
_SSPBUF                  (abs)        000FC9
_SSPCON1                 (abs)        000FC6
_SSPCON1bits             (abs)        000FC6
_SSPCON2                 (abs)        000FC5
_SSPCON2bits             (abs)        000FC5
_SSPSTAT                 (abs)        000FC7
_SSPSTATbits             (abs)        000FC7
_T0CON                   (abs)        000FD5
_T0CONbits               (abs)        000FD5
_TMR0H                   (abs)        000FD7
_TMR0L                   (abs)        000FD6
_TRISA                   (abs)        000F92
_TRISB                   (abs)        000F93
_TRISC                   (abs)        000F94
_TRISCbits               (abs)        000F94
_TRISG                   (abs)        000F98
_WriteI2C                text10       00064C
__CFG_BOREN$OFF          (abs)        000000
__CFG_BORV$3             (abs)        000000
__CFG_CP$OFF             (abs)        000000
__CFG_FCMEN$OFF          (abs)        000000
__CFG_IESO$OFF           (abs)        000000
__CFG_MCLRE$ON           (abs)        000000
__CFG_OSC$INTIO7         (abs)        000000
__CFG_PWRT$OFF           (abs)        000000
__CFG_STVREN$OFF         (abs)        000000
__CFG_WDT$OFF            (abs)        000000
__CFG_XINST$OFF          (abs)        000000
__HRAM                   (abs)        000000
__Habs1                  abs1         000000
__Hbank0                 bank0        000000
__Hbank1                 bank1        000000
__Hbank2                 bank2        000000
__Hbigbss                bigbss       000000
__Hbigdata               bigdata      000000
__Hbigram                bigram       000000
__Hbss                   bss          000000
__HbssCOMRAM             bssCOMRAM    000000
__Hcinit                 cinit        000000
__Hclrtext               clrtext      000000
__Hcomram                comram       000000
__Hconfig                config       30000A
__Hconst                 const        000000
__HcstackCOMRAM          cstackCOMRAM 000000
__Hdata                  data         000000
__Hend_init              end_init     000004
__Hfarbss                farbss       000000
__Hfardata               fardata      000000
__Hibigdata              ibigdata     000000
__Hidata                 idata        000000
__Hidloc                 idloc        200008
__Hifardata              ifardata     000000
__Hinit                  init         000000
__Hintcode               intcode      000000
__Hintcode_body          intcode_body 000000
__Hintcodelo             intcodelo    000000
__Hintentry              intentry     000000
__Hintret                intret       000000
__Hintsave_regs          intsave_regs 000000
__Hirdata                irdata       000000
__Hmediumconst           mediumconst  000000
__HnvFARRAM              nvFARRAM     000000
__Hnvbit                 nvbit        000000
__Hnvrram                nvrram       000000
__Hparam                 rparam       000000
__Hpowerup               powerup      000000
__Hram                   ram          000000
__Hramtop                ramtop       000300
__Hrbit                  rbit         000000
__Hrbss                  rbss         000000
__Hrdata                 rdata        000000
__Hreset_vec             reset_vec    000000
__Hrparam                rparam       000000
__Hsfr                   sfr          000000
__Hsmallconst            smallconst   000326
__Hstruct                struct       000000
__Htemp                  temp         000000
__Htext                  text         000000
__Htext0                 text0        000000
__Htext1                 text1        000000
__Htext10                text10       000000
__Htext11                text11       000000
__Htext12                text12       000000
__Htext13                text13       000000
__Htext14                text14       000000
__Htext15                text15       000000
__Htext2                 text2        000000
__Htext3                 text3        000000
__Htext4                 text4        000000
__Htext5                 text5        000000
__Htext6                 text6        000000
__Htext7                 text7        000000
__Htext8                 text8        000000
__Htext9                 text9        000000
__LRAM                   (abs)        000001
__Labs1                  abs1         000000
__Lbank0                 bank0        000000
__Lbank1                 bank1        000000
__Lbank2                 bank2        000000
__Lbigbss                bigbss       000000
__Lbigdata               bigdata      000000
__Lbigram                bigram       000000
__Lbss                   bss          000000
__LbssCOMRAM             bssCOMRAM    000000
__Lcinit                 cinit        000000
__Lclrtext               clrtext      000000
__Lcomram                comram       000000
__Lconfig                config       300000
__Lconst                 const        000000
__LcstackCOMRAM          cstackCOMRAM 000000
__Ldata                  data         000000
__Lend_init              end_init     000000
__Lfarbss                farbss       000000
__Lfardata               fardata      000000
__Libigdata              ibigdata     000000
__Lidata                 idata        000000
__Lidloc                 idloc        200000
__Lifardata              ifardata     000000
__Linit                  init         000000
__Lintcode               intcode      000000
__Lintcode_body          intcode_body 000000
__Lintcodelo             intcodelo    000000
__Lintentry              intentry     000000
__Lintret                intret       000000
__Lintsave_regs          intsave_regs 000000
__Lirdata                irdata       000000
__Lmediumconst           mediumconst  000000
__LnvFARRAM              nvFARRAM     000000
__Lnvbit                 nvbit        000000
__Lnvrram                nvrram       000000
__Lparam                 rparam       000000
__Lpowerup               powerup      000000
__Lram                   ram          000000
__Lramtop                ramtop       000300
__Lrbit                  rbit         000000
__Lrbss                  rbss         000000
__Lrdata                 rdata        000000
__Lreset_vec             reset_vec    000000
__Lrparam                rparam       000000
__Lsfr                   sfr          000000
__Lsmallconst            smallconst   000300
__Lstruct                struct       000000
__Ltemp                  temp         000000
__Ltext                  text         000000
__Ltext0                 text0        000000
__Ltext1                 text1        000000
__Ltext10                text10       000000
__Ltext11                text11       000000
__Ltext12                text12       000000
__Ltext13                text13       000000
__Ltext14                text14       000000
__Ltext15                text15       000000
__Ltext2                 text2        000000
__Ltext3                 text3        000000
__Ltext4                 text4        000000
__Ltext5                 text5        000000
__Ltext6                 text6        000000
__Ltext7                 text7        000000
__Ltext8                 text8        000000
__Ltext9                 text9        000000
__S0                     (abs)        30000A
__S1                     (abs)        000041
___extmem_base           (abs)        002000
__accesstop              (abs)        000060
__activetblptr           (abs)        000002
__end_of_FMinit          text4        0004D8
__end_of_FMread          text7        000400
__end_of_FMready         text6        0006EE
__end_of_FMvers          text3        000784
__end_of_FMwrite         text9        000564
__end_of_IdleI2C         text11       000790
__end_of_Init            text13       0005DA
__end_of_OpenI2C         text14       000758
__end_of_ReadI2C         text8        00073C
__end_of_WriteI2C        text10       0006A2
__end_of__initialization cinit        000764
__end_of_butnEvent       text15       000794
__end_of_dly             text12       000720
__end_of_errfm           text1        000796
__end_of_main            text0        00064C
__end_of_nextChan        text2        000798
__end_of_regDflt         smallconst   000324
__end_of_showFreq        text5        00079A
__initialization         cinit        000758
__mediumconst            mediumconst  000000
__pbssCOMRAM             bssCOMRAM    000001
__pcinit                 cinit        000758
__pcstackCOMRAM          cstackCOMRAM 000025
__psmallconst            smallconst   000300
__ptext0                 text0        0005DA
__ptext1                 text1        000794
__ptext10                text10       00064C
__ptext11                text11       000784
__ptext12                text12       0006EE
__ptext13                text13       000564
__ptext14                text14       00073C
__ptext15                text15       000790
__ptext2                 text2        000796
__ptext3                 text3        00076E
__ptext4                 text4        000400
__ptext5                 text5        000798
__ptext6                 text6        0006A2
__ptext7                 text7        000326
__ptext8                 text8        000720
__ptext9                 text9        0004D8
__ramtop                 ramtop       000300
__size_of_FMinit         (abs)        000000
__size_of_FMread         (abs)        000000
__size_of_FMready        (abs)        000000
__size_of_FMvers         (abs)        000000
__size_of_FMwrite        (abs)        000000
__size_of_IdleI2C        (abs)        000000
__size_of_Init           (abs)        000000
__size_of_OpenI2C        (abs)        000000
__size_of_ReadI2C        (abs)        000000
__size_of_WriteI2C       (abs)        000000
__size_of_butnEvent      (abs)        000000
__size_of_dly            (abs)        000000
__size_of_errfm          (abs)        000000
__size_of_main           (abs)        000000
__size_of_nextChan       (abs)        000000
__size_of_showFreq       (abs)        000000
__smallconst             smallconst   000300
_butnEvent               text15       000790
_dly                     text12       0006EE
_errfm                   text1        000794
_main                    text0        0005DA
_nextChan                text2        000796
_regDflt                 smallconst   000300
_regImg                  bssCOMRAM    000001
_showFreq                text5        000798
dly@d                    cstackCOMRAM 000025
dly@i                    cstackCOMRAM 000027
end_of_initialization    cinit        000764
intlevel0                text         000000
intlevel1                text         000000
intlevel2                text         000000
intlevel3                text         000000
main@btn                 cstackCOMRAM 00003E
main@evt                 cstackCOMRAM 00003D
main@ui                  cstackCOMRAM 00003F
start                    init         000000
start_initialization     cinit        000758


FUNCTION INFORMATION:

 *************** function _main *****************
 Defined at:
		line 464 in file "main.c"
 Parameters:    Size  Location     Type
		None
 Auto vars:     Size  Location     Type
  ui              2   26[COMRAM] unsigned int 
  btn             1   25[COMRAM] unsigned char 
  evt             1   24[COMRAM] unsigned char 
 Return value:  Size  Location     Type
		None               void
 Registers used:
		wreg, fsr2l, fsr2h, status,2, status,0, tblptrl, tblptrh, tblptru, prodl, prodh, cstack
 Tracked objects:
		On entry : 
		On exit  : 
		Unchanged: 
 Data sizes:     COMRAM   BANK0   BANK1   BANK2
      Params:         0       0       0       0
      Locals:         4       0       0       0
      Temps:          1       0       0       0
      Totals:         5       0       0       0
Total ram usage:        5 bytes
 Hardware stack levels required when called:    5
 This function calls:
		_butnEvent
		_dly
		_Init
		_FMinit
		_FMvers
		_nextChan
		_errfm
 This function is called by:
		Startup code after reset
 This function uses a non-reentrant model


 *************** function _errfm *****************
 Defined at:
		line 438 in file "main.c"
 Parameters:    Size  Location     Type
		None
 Auto vars:     Size  Location     Type
		None
 Return value:  Size  Location     Type
		None               void
 Registers used:
		None
 Tracked objects:
		On entry : 
		On exit  : 
		Unchanged: 
 Data sizes:     COMRAM   BANK0   BANK1   BANK2
      Params:         0       0       0       0
      Locals:         0       0       0       0
      Temps:          0       0       0       0
      Totals:         0       0       0       0
Total ram usage:        0 bytes
 Hardware stack levels used:    1
 This function calls:
		Nothing
 This function is called by:
		_main
 This function uses a non-reentrant model


 *************** function _nextChan *****************
 Defined at:
		line 420 in file "main.c"
 Parameters:    Size  Location     Type
  up              1    0[COMRAM] unsigned char 
 Auto vars:     Size  Location     Type
		None
 Return value:  Size  Location     Type
                  1    wreg      unsigned char 
 Registers used:
		None
 Tracked objects:
		On entry : 
		On exit  : 
		Unchanged: 
 Data sizes:     COMRAM   BANK0   BANK1   BANK2
      Params:         1       0       0       0
      Locals:         0       0       0       0
      Temps:          0       0       0       0
      Totals:         1       0       0       0
Total ram usage:        1 bytes
 Hardware stack levels used:    1
 This function calls:
		Nothing
 This function is called by:
		_main
 This function uses a non-reentrant model


 *************** function _FMvers *****************
 Defined at:
		line 383 in file "main.c"
 Parameters:    Size  Location     Type
  vsn             2   12[COMRAM] PTR unsigned int 
		 -> main@ui(2), 
 Auto vars:     Size  Location     Type
		None
 Return value:  Size  Location     Type
                  1    wreg      unsigned char 
 Registers used:
		wreg, fsr2l, fsr2h, status,2, status,0, cstack
 Tracked objects:
		On entry : 
		On exit  : 
		Unchanged: 
 Data sizes:     COMRAM   BANK0   BANK1   BANK2
      Params:         2       0       0       0
      Locals:         0       0       0       0
      Temps:          1       0       0       0
      Totals:         3       0       0       0
Total ram usage:        3 bytes
 Hardware stack levels used:    1
 Hardware stack levels required when called:    3
 This function calls:
		_FMread
 This function is called by:
		_main
 This function uses a non-reentrant model


 *************** function _FMinit *****************
 Defined at:
		line 312 in file "main.c"
 Parameters:    Size  Location     Type
		None
 Auto vars:     Size  Location     Type
  dat             2   20[COMRAM] unsigned int 
  ad              1   22[COMRAM] unsigned char 
 Return value:  Size  Location     Type
                  1    wreg      unsigned char 
 Registers used:
		wreg, fsr2l, fsr2h, status,2, status,0, tblptrl, tblptrh, tblptru, prodl, prodh, cstack
 Tracked objects:
		On entry : 
		On exit  : 
		Unchanged: 
 Data sizes:     COMRAM   BANK0   BANK1   BANK2
      Params:         0       0       0       0
      Locals:         3       0       0       0
      Temps:          2       0       0       0
      Totals:         5       0       0       0
Total ram usage:        5 bytes
 Hardware stack levels used:    1
 Hardware stack levels required when called:    4
 This function calls:
		_dly
		_FMwrite
		_FMready
		_showFreq
 This function is called by:
		_main
 This function uses a non-reentrant model


 *************** function _showFreq *****************
 Defined at:
		line 454 in file "main.c"
 Parameters:    Size  Location     Type
		None
 Auto vars:     Size  Location     Type
		None
 Return value:  Size  Location     Type
                  1    wreg      unsigned char 
 Registers used:
		None
 Tracked objects:
		On entry : 
		On exit  : 
		Unchanged: 
 Data sizes:     COMRAM   BANK0   BANK1   BANK2
      Params:         0       0       0       0
      Locals:         0       0       0       0
      Temps:          0       0       0       0
      Totals:         0       0       0       0
Total ram usage:        0 bytes
 Hardware stack levels used:    1
 This function calls:
		Nothing
 This function is called by:
		_FMinit
 This function uses a non-reentrant model


 *************** function _FMready *****************
 Defined at:
		line 291 in file "main.c"
 Parameters:    Size  Location     Type
  rdy             2   12[COMRAM] PTR unsigned int 
		 -> FMfrequenc@dat(2), FMinit@dat(2), 
 Auto vars:     Size  Location     Type
  sts             2   16[COMRAM] unsigned int 
 Return value:  Size  Location     Type
                  1    wreg      unsigned char 
 Registers used:
		wreg, fsr2l, fsr2h, status,2, status,0, cstack
 Tracked objects:
		On entry : 
		On exit  : 
		Unchanged: 
 Data sizes:     COMRAM   BANK0   BANK1   BANK2
      Params:         2       0       0       0
      Locals:         2       0       0       0
      Temps:          2       0       0       0
      Totals:         6       0       0       0
Total ram usage:        6 bytes
 Hardware stack levels used:    1
 Hardware stack levels required when called:    3
 This function calls:
		_FMread
 This function is called by:
		_FMinit
		_FMfrequenc
 This function uses a non-reentrant model


 *************** function _FMread *****************
 Defined at:
		line 241 in file "main.c"
 Parameters:    Size  Location     Type
  regAddr         1    1[COMRAM] unsigned char 
  data            2    2[COMRAM] PTR unsigned int 
		 -> main@ui(2), FMready@sts(2), 
 Auto vars:     Size  Location     Type
  secndByt        1   11[COMRAM] unsigned char 
  firstByt        1   10[COMRAM] unsigned char 
 Return value:  Size  Location     Type
                  1    wreg      unsigned char 
 Registers used:
		wreg, fsr2l, fsr2h, status,2, status,0, cstack
 Tracked objects:
		On entry : 
		On exit  : 
		Unchanged: 
 Data sizes:     COMRAM   BANK0   BANK1   BANK2
      Params:         3       0       0       0
      Locals:         2       0       0       0
      Temps:          6       0       0       0
      Totals:        11       0       0       0
Total ram usage:       11 bytes
 Hardware stack levels used:    1
 Hardware stack levels required when called:    2
 This function calls:
		_IdleI2C
		_WriteI2C
		_ReadI2C
 This function is called by:
		_FMready
		_FMvers
		_FMid
 This function uses a non-reentrant model


 *************** function _ReadI2C *****************
 Defined at:
		line 12 in file "/Applications/s/microchip/xc8/v1.20/sources/pic18/plib/i2c/i2c_read.c"
 Parameters:    Size  Location     Type
		None
 Auto vars:     Size  Location     Type
		None
 Return value:  Size  Location     Type
                  1    wreg      unsigned char 
 Registers used:
		wreg, status,2, status,0
 Tracked objects:
		On entry : 
		On exit  : 
		Unchanged: 
 Data sizes:     COMRAM   BANK0   BANK1   BANK2
      Params:         0       0       0       0
      Locals:         0       0       0       0
      Temps:          0       0       0       0
      Totals:         0       0       0       0
Total ram usage:        0 bytes
 Hardware stack levels used:    1
 This function calls:
		Nothing
 This function is called by:
		_FMread
 This function uses a non-reentrant model


 *************** function _FMwrite *****************
 Defined at:
		line 197 in file "main.c"
 Parameters:    Size  Location     Type
  adr             1    1[COMRAM] unsigned char 
 Auto vars:     Size  Location     Type
  regstr          2    0        unsigned int 
  secndByt        1    5[COMRAM] unsigned char 
  firstByt        1    4[COMRAM] unsigned char 
  rpy             1    0        unsigned char 
 Return value:  Size  Location     Type
                  1    wreg      unsigned char 
 Registers used:
		wreg, fsr2l, fsr2h, status,2, status,0, prodl, prodh, cstack
 Tracked objects:
		On entry : 
		On exit  : 
		Unchanged: 
 Data sizes:     COMRAM   BANK0   BANK1   BANK2
      Params:         1       0       0       0
      Locals:         2       0       0       0
      Temps:          2       0       0       0
      Totals:         5       0       0       0
Total ram usage:        5 bytes
 Hardware stack levels used:    1
 Hardware stack levels required when called:    2
 This function calls:
		_IdleI2C
		_WriteI2C
 This function is called by:
		_FMinit
		_FMfrequenc
 This function uses a non-reentrant model


 *************** function _WriteI2C *****************
 Defined at:
		line 13 in file "/Applications/s/microchip/xc8/v1.20/sources/pic18/plib/i2c/i2c_writ.c"
 Parameters:    Size  Location     Type
  data_out        1    0[COMRAM] unsigned char 
 Auto vars:     Size  Location     Type
		None
 Return value:  Size  Location     Type
                  1    wreg      char 
 Registers used:
		wreg, status,2, status,0, cstack
 Tracked objects:
		On entry : 
		On exit  : 
		Unchanged: 
 Data sizes:     COMRAM   BANK0   BANK1   BANK2
      Params:         1       0       0       0
      Locals:         0       0       0       0
      Temps:          0       0       0       0
      Totals:         1       0       0       0
Total ram usage:        1 bytes
 Hardware stack levels used:    1
 Hardware stack levels required when called:    1
 This function calls:
		_IdleI2C
 This function is called by:
		_FMwrite
		_FMread
 This function uses a non-reentrant model


 *************** function _IdleI2C *****************
 Defined at:
		line 25 in file "/Applications/s/microchip/xc8/v1.20/sources/pic18/plib/i2c/i2c_idle.c"
 Parameters:    Size  Location     Type
		None
 Auto vars:     Size  Location     Type
		None
 Return value:  Size  Location     Type
		None               void
 Registers used:
		wreg, status,2, status,0
 Tracked objects:
		On entry : 
		On exit  : 
		Unchanged: 
 Data sizes:     COMRAM   BANK0   BANK1   BANK2
      Params:         0       0       0       0
      Locals:         0       0       0       0
      Temps:          0       0       0       0
      Totals:         0       0       0       0
Total ram usage:        0 bytes
 Hardware stack levels used:    1
 This function calls:
		Nothing
 This function is called by:
		_FMwrite
		_FMread
		_WriteI2C
 This function uses a non-reentrant model


 *************** function _dly *****************
 Defined at:
		line 94 in file "main.c"
 Parameters:    Size  Location     Type
  d               2    0[COMRAM] int 
 Auto vars:     Size  Location     Type
  i               2    2[COMRAM] int 
 Return value:  Size  Location     Type
		None               void
 Registers used:
		wreg, status,2, status,0
 Tracked objects:
		On entry : 
		On exit  : 
		Unchanged: 
 Data sizes:     COMRAM   BANK0   BANK1   BANK2
      Params:         2       0       0       0
      Locals:         2       0       0       0
      Temps:          0       0       0       0
      Totals:         4       0       0       0
Total ram usage:        4 bytes
 Hardware stack levels used:    1
 This function calls:
		Nothing
 This function is called by:
		_FMinit
		_main
		_FMfrequenc
 This function uses a non-reentrant model


 *************** function _Init *****************
 Defined at:
		line 125 in file "main.c"
 Parameters:    Size  Location     Type
		None
 Auto vars:     Size  Location     Type
  i               2    0        int 
 Return value:  Size  Location     Type
		None               void
 Registers used:
		wreg, status,2, status,0, cstack
 Tracked objects:
		On entry : 
		On exit  : 
		Unchanged: 
 Data sizes:     COMRAM   BANK0   BANK1   BANK2
      Params:         0       0       0       0
      Locals:         0       0       0       0
      Temps:          2       0       0       0
      Totals:         2       0       0       0
Total ram usage:        2 bytes
 Hardware stack levels used:    1
 Hardware stack levels required when called:    1
 This function calls:
		_OpenI2C
 This function is called by:
		_main
 This function uses a non-reentrant model


 *************** function _OpenI2C *****************
 Defined at:
		line 15 in file "/Applications/s/microchip/xc8/v1.20/sources/pic18/plib/i2c/i2c_open.c"
 Parameters:    Size  Location     Type
  sync_mode       1    0[COMRAM] unsigned char 
  slew            1    1[COMRAM] unsigned char 
 Auto vars:     Size  Location     Type
		None
 Return value:  Size  Location     Type
		None               void
 Registers used:
		wreg, status,2, status,0
 Tracked objects:
		On entry : 
		On exit  : 
		Unchanged: 
 Data sizes:     COMRAM   BANK0   BANK1   BANK2
      Params:         2       0       0       0
      Locals:         0       0       0       0
      Temps:          0       0       0       0
      Totals:         2       0       0       0
Total ram usage:        2 bytes
 Hardware stack levels used:    1
 This function calls:
		Nothing
 This function is called by:
		_Init
 This function uses a non-reentrant model


 *************** function _butnEvent *****************
 Defined at:
		line 85 in file "main.c"
 Parameters:    Size  Location     Type
  butn            2    0[COMRAM] PTR unsigned char 
		 -> main@btn(1), 
 Auto vars:     Size  Location     Type
		None
 Return value:  Size  Location     Type
                  1    wreg      unsigned char 
 Registers used:
		wreg
 Tracked objects:
		On entry : 
		On exit  : 
		Unchanged: 
 Data sizes:     COMRAM   BANK0   BANK1   BANK2
      Params:         2       0       0       0
      Locals:         0       0       0       0
      Temps:          0       0       0       0
      Totals:         2       0       0       0
Total ram usage:        2 bytes
 Hardware stack levels used:    1
 This function calls:
		Nothing
 This function is called by:
		_main
 This function uses a non-reentrant model



MODULE INFORMATION

Module		Function		Class		Link	Load	Size
shared
		_regDflt       		SMALLCONST     	0300	0000	36
		__initializatio		CODE           	0758	0000	12

shared estimated size: 48

/Applications/s/microchip/xc8/v1.20/sources/pic18/plib/i2c/i2c_open.c
		_OpenI2C       		CODE           	073C	0000	28

/Applications/s/microchip/xc8/v1.20/sources/pic18/plib/i2c/i2c_open.c estimated size: 28

main.c
		_errfm         		CODE           	0794	0000	2
		_butnEvent     		CODE           	0790	0000	4
		_FMread        		CODE           	0326	0000	218
		_showFreq      		CODE           	0798	0000	2
		_main          		CODE           	05DA	0000	114
		_FMready       		CODE           	06A2	0000	76
		_FMvers        		CODE           	076E	0000	22
		_FMinit        		CODE           	0400	0000	216
		_nextChan      		CODE           	0796	0000	2
		_dly           		CODE           	06EE	0000	50
		_Init          		CODE           	0564	0000	118
		_FMwrite       		CODE           	04D8	0000	140

main.c estimated size: 964

/Applications/s/microchip/xc8/v1.20/sources/pic18/plib/i2c/i2c_idle.c
		_IdleI2C       		CODE           	0784	0000	12

/Applications/s/microchip/xc8/v1.20/sources/pic18/plib/i2c/i2c_idle.c estimated size: 12

/Applications/s/microchip/xc8/v1.20/sources/pic18/plib/i2c/i2c_writ.c
		_WriteI2C      		CODE           	064C	0000	86

/Applications/s/microchip/xc8/v1.20/sources/pic18/plib/i2c/i2c_writ.c estimated size: 86

/Applications/s/microchip/xc8/v1.20/sources/pic18/plib/i2c/i2c_read.c
		_ReadI2C       		CODE           	0720	0000	28

/Applications/s/microchip/xc8/v1.20/sources/pic18/plib/i2c/i2c_read.c estimated size: 28

